// Jest Snapshot v1, https://goo.gl/fbAQLP

exports[`DynamicRecipe tests renders correctly 1`] = `
<div>
  <div>
    <article
      class="article"
    >
      <header
        class="header"
      >
        <h1>
          Manhattan
        </h1>
      </header>
      <div
        class="container"
      >
        <img
          alt="Manhattan"
          class="image"
          src="https://www.liquor.com/thmb/gSN7fXX_rGkGi-3M6bmPhE7BqAk=/960x0/filters:no_upscale():max_bytes(150000):strip_icc():format(webp)/__opt__aboutcom__coeus__resources__content_migration__liquor__2018__05__10144903__Manhattan-720x720-recipe-9497922907c14d91898f557cb51f2ea3.jpg"
        />
        <div>
          Ingredients
          <ul
            style="list-style-type:square"
          >
            <li>
              2 ounces bourbon or rye 
            </li>
            <li>
              1 ounce sweet vermouth
            </li>
            <li>
               2 dashes Angostura bitters
            </li>
            <li>
               1 dash orange bitters 
            </li>
            <li>
              Garnish: brandied cherry
            </li>
          </ul>
           Steps
          <ul
            style="list-style-type:decimal"
          >
            <li>
              Add all the bourbon (or rye), sweet vermouth and both bitters to a mixing glass with ice, and stir until well-chilled. 
            </li>
            <li>
              Strain into a chilled coupe. 
            </li>
            <li>
              Garnish with a brandied cherry.
            </li>
          </ul>
        </div>
      </div>
    </article>
    <div>
      <form>
        <label
          class="label"
          for="FoodId"
        >
          Your Food Pairing 
        </label>
        <select
          class="frame"
          id="FoodId"
          name="FoodDropdown"
        >
          <option
            value="Roast Beef"
          >
            Roast Beef
          </option>
          <option
            value="Slow Cooked Pork"
          >
            Slow Cooked Pork
          </option>
          <option
            value="Lamb Shank"
          >
            Lamb Shank
          </option>
          <option
            value="Roast Duck"
          >
            Roast Duck
          </option>
          <option
            value="Cheese Platter"
          >
            Cheese Platter
          </option>
          <option
            value="Desserts"
          >
            Desserts
          </option>
        </select>
        <div>
          <label
            class="label"
            for="likelyId"
          >
              Will you try this recipe 
          </label>
          <select
            class="frame"
            id="likelyId"
            name="likelyDropdown"
          >
            <option
              value="Great, You Love the Recipe!"
            >
              Definitely
            </option>
            <option
              value="Give a shot!"
            >
              Highly likely
            </option>
            <option
              value="Think about it --- You know you want to try it out!"
            >
              Maybe
            </option>
            <option
              value="Oops... Maybe you will like other Recipes~"
            >
              Not interested
            </option>
          </select>
        </div>
        <input
          class="submit"
          type="submit"
          value="Send it"
        />
      </form>
    </div>
  </div>
</div>
`;
